Downloading https://services.gradle.org/distributions/gradle-8.8-bin.zip
.............10%.............20%.............30%.............40%.............50%.............60%..............70%.............80%.............90%.............100%
.\gradlew.bat : WARNING: A restricted method in java.lang.System has been 
called
No linha:1 caractere:114
+ ... es\Java\jdk-25.0.2 ; .\gradlew.bat build --console plain 2>&1 | tee b ...
+                          ~~~~~~~~~~~~~~~~~~~~~~~~~~~~~~~~~~~~~~~~
    + CategoryInfo          : NotSpecified: (WARNING: A rest...has been called 
   :String) [], RemoteException
    + FullyQualifiedErrorId : NativeCommandError
 
WARNING: java.lang.System::load has been called by 
net.rubygrapefruit.platform.internal.NativeLibraryLoader in an unnamed module (
file:/C:/Users/Juan/.gradle/wrapper/dists/gradle-8.8-bin/dl7vupf4psengwqhwktix4
v1/gradle-8.8/lib/native-platform-0.22-milestone-26.jar)
WARNING: Use --enable-native-access=ALL-UNNAMED to avoid a warning for callers 
in this module
WARNING: Restricted methods will be blocked in a future release unless native 
access is enabled


Welcome to Gradle 8.8!

Here are the highlights of this release:
 - Running Gradle on Java 22
 - Configurable Gradle daemon JVM
 - Improved IDE performance for large projects

For more details see https://docs.gradle.org/8.8/release-notes.html

Starting a Gradle Daemon (subsequent builds will be faster)

FAILURE: Build failed with an exception.

* What went wrong:
BUG! exception in phase 'semantic analysis' in source unit '_BuildScript_' 
Unsupported class file major version 69
> Unsupported class file major version 69

* Try:
> Run with --stacktrace option to get the stack trace.
> Run with --info or --debug option to get more log output.
> Run with --scan to get full insights.
> Get more help at https://help.gradle.org.

BUILD FAILED in 8s
